<html>
<body>
<pre>
<h1>µVision Build Log</h1>
<h2>Tool Versions:</h2>
IDE-Version: ¦ÌVision V5.14.0.0
Copyright (C) 2015 ARM Ltd and ARM Germany GmbH. All rights reserved.
License Information: WLK WLK, WLK, LIC=0VR56-D7DK6-GNPA5-G7R89-XBRKP-ZKEZC
 
Tool Versions:
Toolchain:       MDK-ARM Professional  Version: 5.14.0.0
Toolchain Path:  d:\Keil_v5\ARM\ARMCC\Bin
C Compiler:      Armcc.exe V5.05 update 1 (build 106)
Assembler:       Armasm.exe V5.05 update 1 (build 106)
Linker/Locator:  ArmLink.exe V5.05 update 1 (build 106)
Library Manager: ArmAr.exe V5.05 update 1 (build 106)
Hex Converter:   FromElf.exe V5.05 update 1 (build 106)
CPU DLL:         SARMCM3.DLL V5.14.0.0
Dialog DLL:      DCM.DLL V1.13.1.0
Target DLL:      STLink\ST-LINKIII-KEIL_SWO.dll V2.0.14.0_KEIL
Dialog DLL:      TCM.DLL V1.14.4.0
 
<h2>Project:</h2>
D:\STM32\µçÈÝ´¥Ãþ\LCD_240240_GC9A01+HSD109_STM32F103C8T6_CST816D-TOUCH\LCD_240240_GC9A01+HSD109_STM32F103C8T6_CST816D-TOUCH\USER\TFT-LCD TEST.uvprojx
Project File Date:  06/08/2022

<h2>Output:</h2>
Rebuild target 'Target 1'
compiling main.c...
main.c(36): warning:  #177-D: variable "lx" was declared but never referenced
        u8 lx=0,ly=0;
main.c(36): warning:  #177-D: variable "ly" was declared but never referenced
        u8 lx=0,ly=0;
main.c(125): warning:  #1-D: last line of file ends without a newline
  //******************************************************************************/
main.c: 3 warnings, 0 errors
compiling stm32f10x_it.c...
compiling system_stm32f10x.c...
compiling lcd.c...
compiling bsp_i2c_gpio.c...
compiling CST816.c...
compiling delay.c...
compiling sys.c...
compiling usart.c...
compiling core_cm3.c...
assembling startup_stm32f10x_hd.s...
compiling misc.c...
compiling stm32f10x_gpio.c...
compiling stm32f10x_rcc.c...
compiling stm32f10x_usart.c...
compiling stm32f10x_spi.c...
linking...
Program Size: Code=10864 RO-data=5068 RW-data=920 ZI-data=1856  
FromELF: creating hex file...
"..\OBJ\TFT-LCD TEST.axf" - 0 Error(s), 3 Warning(s).

<h2>Collection of Component include folders:</h2>
  D:\STM32\µçÈÝ´¥Ãþ\LCD_240240_GC9A01+HSD109_STM32F103C8T6_CST816D-TOUCH\LCD_240240_GC9A01+HSD109_STM32F103C8T6_CST816D-TOUCH\USER\RTE
  D:\Keil_v5\ARM\PACK\Keil\STM32F1xx_DFP\1.0.5\Device\Include

<h2>Collection of Component Files used:</h2>
</pre>
</body>
</html>
